{"parsedUrl": 311157, "itemId": 311157, "itemName": "Motorola Moto G30, 6GB/128GB, Dark Pearl", "itemImage": "https://iczc.cz/6hg1fceifaj2ka1g2f2kpjg1ne_7/obrazek", "commonPrice": 4690.0, "minPrice": null, "pkey": "czc_cz:311157", "": null}