{"parsedUrl": 310778, "itemId": 310778, "itemName": "Fortron Champ TW 6K, 6000VA/5400W", "itemImage": "https://iczc.cz/5ghi3lvcvggmi9338lrdafd6d5_7/obrazek", "commonPrice": 22355.0, "minPrice": 22306.0, "pkey": "czc_cz:310778", "": null}