{"parsedUrl": 47017, "itemId": 47017, "itemName": "Epson C13T054740, \u010derven\u00e1", "itemImage": "https://iczc.cz/cv53besnksh1o9ak7bko15k4re_7/obrazek", "commonPrice": 514.0, "minPrice": null, "pkey": "czc_cz:47017", "": null}