{"parsedUrl": 203596, "itemId": 203596, "itemName": "iGET HOMEGUARD HGWIP720 - bezdr\u00e1tov\u00e1 rota\u010dn\u00ed IP HD kamera s PIR detekc\u00ed", "itemImage": "https://iczc.cz/96mae79j6uhtibe3pkmu7529q8_1/obrazek", "commonPrice": null, "minPrice": null, "pkey": "czc_cz:203596", "": null}