{"parsedUrl": 297902, "itemId": 297902, "itemName": "Lenovo ThinkBook 15-IIL, \u0161ed\u00e1", "itemImage": "https://iczc.cz/c1t3eeo67ugi3bojvarvkaeq6a_7/obrazek", "commonPrice": 19990.0, "minPrice": 19990.0, "pkey": "czc_cz:297902", "": null}