{"parsedUrl": 238261, "itemId": 238261, "itemName": "Rowkin Bit Charge Stereo, zlat\u00e1", "itemImage": "https://iczc.cz/3e03nmpte8i419rblanbu3ru6a_7/obrazek", "commonPrice": 2040.0, "minPrice": 2040.0, "pkey": "czc_cz:238261", "": null}