{"parsedUrl": 238955, "itemId": 238955, "itemName": "CELLY Gelskin TPU pouzdro pro Samsung Galaxy A6+ (2018), bezbarv\u00e9", "itemImage": "https://iczc.cz/2km1qc435qiju9kf5gfnf0je0e_1/obrazek", "commonPrice": null, "minPrice": null, "pkey": "czc_cz:238955", "": null}