{"parsedUrl": 173052, "itemId": 173052, "itemName": "Xerox alternativn\u00ed pro OKI 44064011, drum unit cyan", "itemImage": "https://iczc.cz/b8bdo47v4mitj99v76dfsq6i2f-0/obrazek", "commonPrice": null, "minPrice": null, "pkey": "czc_cz:173052", "": null}