{"parsedUrl": 244495, "itemId": 244495, "itemName": "Mikrotik RB4011iGS+RM", "itemImage": "https://iczc.cz/b48sdl9oa6h4jbl6qm76bj9kh6_7/obrazek", "commonPrice": 5189.0, "minPrice": null, "pkey": "czc_cz:244495", "": null}