{"parsedUrl": 242738, "itemId": 242738, "itemName": "Lenovo V330-14IKB, \u0161ed\u00e1", "itemImage": "https://iczc.cz/1310pisi86gtjb7a9n4sa8i4gd-4_1/obrazek", "commonPrice": null, "minPrice": null, "pkey": "czc_cz:242738", "": null}