{"parsedUrl": 242693, "itemId": 242693, "itemName": "Acer Aspire 3 (A315-51-35GX), \u010dern\u00e1", "itemImage": "https://iczc.cz/b8k4o3vomsijd8u5jh2vhtdpc2_1/obrazek", "commonPrice": null, "minPrice": null, "pkey": "czc_cz:242693", "": null}