{"parsedUrl": 323699, "itemId": 323699, "itemName": "Arlo Ultra sol\u00e1rn\u00ed panel", "itemImage": "https://iczc.cz/73ao3v9hu4g3t90au2cvancmve_7/obrazek", "commonPrice": 1964.0, "minPrice": 1964.0, "pkey": "czc_cz:323699", "": null}