{"parsedUrl": 206764, "itemId": 206764, "itemName": "WENGER RESOLUTION - 13\" obal na Macbook, \u010dern\u00fd", "itemImage": "https://iczc.cz/9pkfrulkj2hs69so59mc08murg-0/obrazek", "commonPrice": null, "minPrice": null, "pkey": "czc_cz:206764", "": null}