{"parsedUrl": 333745, "itemId": 333745, "itemName": "Apple Watch Nike SE Cellular 44mm Silver, Pure Platinum/Black Nike Sport Band", "itemImage": "https://iczc.cz/2pvhfonq3gjh7b67e2l3csa8tb_7/obrazek", "commonPrice": 10190.0, "minPrice": null, "pkey": "czc_cz:333745", "": null}