[{"c": "399", "d": "2018-09-04", "o": null}, {"c": "399", "d": "2018-09-05", "o": null}, {"c": null, "d": "2018-10-15", "o": null}, {"c": "399", "d": "2018-10-16", "o": null}, {"c": null, "d": "2018-10-18", "o": null}, {"c": "399", "d": "2018-10-30", "o": null}, {"c": null, "d": "2018-11-24", "o": null}, {"c": "399", "d": "2018-11-25", "o": null}, {"c": null, "d": "2018-12-03", "o": null}, {"c": "399", "d": "2018-12-04", "o": null}, {"c": null, "d": "2018-12-09", "o": null}, {"c": "399", "d": "2018-12-10", "o": null}, {"c": null, "d": "2019-01-05", "o": null}, {"c": "399", "d": "2019-01-06", "o": null}, {"c": null, "d": "2019-01-17", "o": null}, {"c": "399", "d": "2019-01-18", "o": null}, {"c": null, "d": "2019-01-30", "o": null}, {"c": "399", "d": "2019-02-02", "o": null}, {"c": null, "d": "2019-02-03", "o": null}, {"c": "399", "d": "2019-02-05", "o": null}, {"c": null, "d": "2019-02-18", "o": null}, {"c": "399", "d": "2019-02-19", "o": null}, {"c": null, "d": "2019-02-22", "o": null}, {"c": "399", "d": "2019-02-23", "o": null}, {"c": null, "d": "2019-02-28", "o": null}, {"c": "399", "d": "2019-03-01", "o": null}, {"c": null, "d": "2019-03-05", "o": null}, {"c": "399", "d": "2019-03-06", "o": null}, {"c": null, "d": "2019-03-07", "o": null}, {"c": "399", "d": "2019-03-08", "o": null}, {"c": null, "d": "2019-03-18", "o": null}, {"c": "399", "d": "2019-03-20", "o": null}, {"c": null, "d": "2019-04-09", "o": null}, {"c": "399", "d": "2019-04-10", "o": null}, {"c": null, "d": "2019-04-12", "o": null}, {"c": "399", "d": "2019-04-13", "o": null}, {"c": null, "d": "2019-04-15", "o": null}, {"c": "399", "d": "2019-04-16", "o": null}, {"c": null, "d": "2019-04-19", "o": null}, {"c": "399", "d": "2019-04-20", "o": null}, {"c": null, "d": "2019-04-25", "o": null}, {"c": "399", "d": "2019-04-26", "o": null}, {"c": null, "d": "2019-05-12", "o": null}, {"c": "399", "d": "2019-05-13", "o": null}, {"c": null, "d": "2019-05-15", "o": null}, {"c": "399", "d": "2019-05-16", "o": null}, {"c": null, "d": "2019-05-20", "o": null}, {"c": "399", "d": "2019-05-22", "o": null}, {"c": null, "d": "2019-05-23", "o": null}, {"c": "399", "d": "2019-05-24", "o": null}, {"c": null, "d": "2019-05-28", "o": null}, {"c": "399", "d": "2019-05-29", "o": null}, {"c": null, "d": "2019-05-30", "o": null}, {"c": "399", "d": "2019-06-01", "o": null}, {"c": null, "d": "2019-06-20", "o": null}, {"c": "399", "d": "2019-06-21", "o": null}, {"c": null, "d": "2019-07-01", "o": null}, {"c": "399", "d": "2019-07-02", "o": null}, {"c": "299", "d": "2019-07-04", "o": "399"}, {"c": "299", "d": "2019-07-05", "o": "399"}, {"c": null, "d": "2019-07-09", "o": null}, {"c": "299", "d": "2019-07-10", "o": "399"}, {"c": null, "d": "2019-07-11", "o": null}, {"c": "299", "d": "2019-07-13", "o": "399"}, {"c": null, "d": "2019-07-14", "o": null}, {"c": "299", "d": "2019-07-15", "o": "399"}, {"c": null, "d": "2019-07-17", "o": null}, {"c": "299", "d": "2019-07-18", "o": "399"}, {"c": "399", "d": "2019-07-23", "o": null}, {"c": "399", "d": "2019-07-24", "o": null}, {"c": null, "d": "2019-12-17", "o": null}, {"c": "399", "d": "2019-12-18", "o": null}, {"c": null, "d": "2020-05-21", "o": null}, {"c": "399", "d": "2020-05-22", "o": null}, {"c": "299", "d": "2020-07-02", "o": "399"}, {"c": "299", "d": "2020-07-03", "o": "399"}, {"c": "399", "d": "2020-07-14", "o": null}, {"c": "399", "d": "2020-07-15", "o": null}, {"c": "399", "d": "2020-09-18", "o": null}]