{"parsedUrl": 323297, "itemId": 323297, "itemName": "Dell Inspiron 14 (5410), st\u0159\u00edbrn\u00e1", "itemImage": "https://iczc.cz/01po69kuncj4d8en5hsaecokf8-1_1/obrazek", "commonPrice": null, "minPrice": null, "pkey": "czc_cz:323297", "": null}