[{"c": "599", "d": "2020-03-04", "o": null}, {"c": "599", "d": "2020-03-05", "o": null}, {"c": null, "d": "2020-05-01", "o": null}, {"c": "599", "d": "2020-05-03", "o": null}, {"c": null, "d": "2020-05-21", "o": null}, {"c": "599", "d": "2020-05-22", "o": null}, {"c": "419", "d": "2020-07-10", "o": "599"}, {"c": "419", "d": "2020-07-11", "o": "599"}, {"c": "398", "d": "2020-07-29", "o": "599"}, {"c": "398", "d": "2020-07-30", "o": "599"}, {"c": "449", "d": "2020-07-31", "o": "599"}, {"c": "449", "d": "2020-08-01", "o": "599"}, {"c": "377", "d": "2020-08-21", "o": "599"}, {"c": "377", "d": "2020-08-22", "o": "599"}, {"c": "359", "d": "2020-09-16", "o": "599"}, {"c": "359", "d": "2020-09-17", "o": "599"}, {"c": "341", "d": "2020-10-01", "o": "599"}, {"c": "341", "d": "2020-10-02", "o": "599"}, {"c": "324", "d": "2020-10-20", "o": "599"}, {"c": "324", "d": "2020-10-21", "o": "599"}, {"c": "324", "d": "2020-11-05", "o": "599"}]